Nvim: Caught deadly signal 'SIGTERM'
